{
    v58: cslot0,
    v59: cslot1,
    v60: cslot2,
}
{
    cslot0: (
        (
            Some(ClassId(76)),
            0,
        ),
        Real,
    ),
    cslot1: (
        (
            Some(ClassId(193)),
            0,
        ),
        Real,
    ),
    cslot2: (
        (
            Some(ClassId(202)),
            0,
        ),
        Real,
    ),
}