function %(v16, v19, v21, v31) {
    // v1 = bconst false
    // v2 = bconst true
    v3 = fconst 0.0
    v6 = fconst 0x1.0000000000000p0
    v7 = fconst -0x1.0000000000000p0
                                block5:
@0003                               v18 = flt v16, v3
                                    br v18, block4, block3

                                block3:
                                    jmp block4

                                block4:
                                    v27 = phi [v3, block3], [v16, block5]
                                    v25 = phi [v16, block3], [v3, block5]
                                    v23 = phi [v1, block3], [v2, block5]
                                    br v23, block6, block7

                                block6:
                                    jmp block7

                                block7:
                                    v29 = phi [v21, block4], [v19, block6]
                                    v36 = phi [v3, block4], [v6, block6]
                                    v37 = phi [v6, block4], [v3, block6]
                                    v30 = phi [v25, block4], [v27, block6]
                                    v32 = optbarrier v30
                                    v33 = fsub v32, v29
                                    v38 = fsub v3, v36
                                    v39 = fsub v3, v37
                                    v46 = fmul v31, v21
                                    v34 = optbarrier v46
                                    v35 = fneg v21
                                    v52 = fmul v31, v7
                                    v42 = optbarrier v52
                                    v44 = optbarrier v38
                                    v45 = optbarrier v39
                                    v48 = fmul v31, v35
                                    v47 = optbarrier v48
                                    v49 = optbarrier v33
                                    v50 = optbarrier v31
                                    v53 = optbarrier v36
}
