DaeSystem {
    unknowns: {
        sim_node0: node0,
        sim_node1: node1,
        sim_node2: node2,
        sim_node3: node3,
    },
    residual: {
        sim_node0: Residual {
            resist: v405,
            react: v406,
            resist_small_signal: v3,
            react_small_signal: v3,
            resist_lim_rhs: v3,
            react_lim_rhs: v3,
        },
        sim_node1: Residual {
            resist: v600,
            react: v3,
            resist_small_signal: v3,
            react_small_signal: v3,
            resist_lim_rhs: v3,
            react_lim_rhs: v3,
        },
        sim_node2: Residual {
            resist: v413,
            react: v3,
            resist_small_signal: v3,
            react_small_signal: v3,
            resist_lim_rhs: v3,
            react_lim_rhs: v3,
        },
        sim_node3: Residual {
            resist: v603,
            react: v605,
            resist_small_signal: v3,
            react_small_signal: v3,
            resist_lim_rhs: v3,
            react_lim_rhs: v3,
        },
    },
    jacobian: {
        j0: MatrixEntry {
            row: sim_node0,
            col: sim_node0,
            resist: v580,
            react: v581,
        },
        j1: MatrixEntry {
            row: sim_node0,
            col: sim_node2,
            resist: v576,
            react: v577,
        },
        j2: MatrixEntry {
            row: sim_node0,
            col: sim_node3,
            resist: v614,
            react: v616,
        },
        j3: MatrixEntry {
            row: sim_node1,
            col: sim_node1,
            resist: v618,
            react: v3,
        },
        j4: MatrixEntry {
            row: sim_node1,
            col: sim_node2,
            resist: v582,
            react: v3,
        },
        j5: MatrixEntry {
            row: sim_node1,
            col: sim_node3,
            resist: v584,
            react: v3,
        },
        j6: MatrixEntry {
            row: sim_node2,
            col: sim_node0,
            resist: v587,
            react: v3,
        },
        j7: MatrixEntry {
            row: sim_node2,
            col: sim_node1,
            resist: v623,
            react: v3,
        },
        j8: MatrixEntry {
            row: sim_node2,
            col: sim_node2,
            resist: v585,
            react: v3,
        },
        j9: MatrixEntry {
            row: sim_node2,
            col: sim_node3,
            resist: v626,
            react: v3,
        },
        j10: MatrixEntry {
            row: sim_node3,
            col: sim_node0,
            resist: v594,
            react: v595,
        },
        j11: MatrixEntry {
            row: sim_node3,
            col: sim_node1,
            resist: v630,
            react: v3,
        },
        j12: MatrixEntry {
            row: sim_node3,
            col: sim_node2,
            resist: v590,
            react: v591,
        },
        j13: MatrixEntry {
            row: sim_node3,
            col: sim_node3,
            resist: v634,
            react: v636,
        },
    },
    small_signal_parameters: {},
    noise_sources: [
        NoiseSource {
            name: Spur(2),
            kind: FlickerNoise {
                pwr: v374,
                exp: v6,
            },
            hi: sim_node0,
            lo: Some(
                sim_node3,
            ),
            factor: v608,
        },
        NoiseSource {
            name: Spur(3),
            kind: WhiteNoise {
                pwr: v402,
            },
            hi: sim_node3,
            lo: Some(
                sim_node1,
            ),
            factor: v609,
        },
    ],
    model_inputs: [
        (
            0,
            3,
        ),
        (
            3,
            1,
        ),
    ],
    num_resistive: 14,
    num_reactive: 6,
}