function %(v16, v17, v18, v19, v20, v22, v25, v28) {
    v6 = fconst 0x1.0000000000000p0
                                block2:
@0008                               v21 = fdiv v19, v20
@000a                               v23 = pow v21, v22
@000b                               v24 = fmul v18, v23
@0010                               v26 = fdiv v16, v24
@fffffff0                           v32 = fdiv v6, v24
                                    v38 = fmul v28, v26
                                    v29 = optbarrier v38
                                    v30 = fneg v26
                                    v33 = fneg v32
                                    v42 = fmul v28, v32
                                    v35 = optbarrier v42
                                    v45 = fmul v28, v33
                                    v37 = optbarrier v45
                                    v40 = fmul v28, v30
                                    v39 = optbarrier v40
                                    v41 = optbarrier v28
                                    v43 = optbarrier v45
                                    v46 = optbarrier v42
}
