function %(v16, v17, v19, v20) {
    v7 = fconst -0x1.0000000000000p0
block2:
    v21 = optbarrier v17
    v22 = fsub v21, v16
    v31 = fmul v20, v19
    v23 = optbarrier v31
    v24 = fneg v19
    v37 = fmul v20, v7
    v28 = optbarrier v37
    v33 = fmul v20, v24
    v32 = optbarrier v33
    v34 = optbarrier v22
    v35 = optbarrier v20
}
